Release 14.6 - xst P.68d (nt64)
Copyright (c) 1995-2013 Xilinx, Inc.  All rights reserved.
--> Parameter TMPDIR set to xst/projnav.tmp


Total REAL time to Xst completion: 0.00 secs
Total CPU time to Xst completion: 0.06 secs
 
--> Parameter xsthdpdir set to xst


Total REAL time to Xst completion: 0.00 secs
Total CPU time to Xst completion: 0.06 secs
 
--> Reading design: my_peripheral.prj

TABLE OF CONTENTS
  1) Synthesis Options Summary
  2) HDL Parsing
  3) HDL Elaboration
  4) HDL Synthesis
       4.1) HDL Synthesis Report
  5) Advanced HDL Synthesis
       5.1) Advanced HDL Synthesis Report
  6) Low Level Synthesis
  7) Partition Report
  8) Design Summary
       8.1) Primitive and Black Box Usage
       8.2) Device utilization summary
       8.3) Partition Resource Summary
       8.4) Timing Report
            8.4.1) Clock Information
            8.4.2) Asynchronous Control Signals Information
            8.4.3) Timing Summary
            8.4.4) Timing Details
            8.4.5) Cross Clock Domains Report


=========================================================================
*                      Synthesis Options Summary                        *
=========================================================================
---- Source Parameters
Input File Name                    : "my_peripheral.prj"
Ignore Synthesis Constraint File   : NO

---- Target Parameters
Output File Name                   : "my_peripheral"
Output Format                      : NGC
Target Device                      : xc6slx45-2-fgg676

---- Source Options
Top Module Name                    : my_peripheral
Automatic FSM Extraction           : YES
FSM Encoding Algorithm             : Auto
Safe Implementation                : No
FSM Style                          : LUT
RAM Extraction                     : Yes
RAM Style                          : Auto
ROM Extraction                     : Yes
Shift Register Extraction          : YES
ROM Style                          : Auto
Resource Sharing                   : YES
Asynchronous To Synchronous        : NO
Shift Register Minimum Size        : 2
Use DSP Block                      : Auto
Automatic Register Balancing       : No

---- Target Options
LUT Combining                      : Auto
Reduce Control Sets                : Auto
Add IO Buffers                     : YES
Global Maximum Fanout              : 100000
Add Generic Clock Buffer(BUFG)     : 16
Register Duplication               : YES
Optimize Instantiated Primitives   : NO
Use Clock Enable                   : Auto
Use Synchronous Set                : Auto
Use Synchronous Reset              : Auto
Pack IO Registers into IOBs        : Auto
Equivalent register Removal        : YES

---- General Options
Optimization Goal                  : Speed
Optimization Effort                : 1
Power Reduction                    : NO
Keep Hierarchy                     : No
Netlist Hierarchy                  : As_Optimized
RTL Output                         : Yes
Global Optimization                : AllClockNets
Read Cores                         : YES
Write Timing Constraints           : NO
Cross Clock Analysis               : NO
Hierarchy Separator                : /
Bus Delimiter                      : <>
Case Specifier                     : Maintain
Slice Utilization Ratio            : 100
BRAM Utilization Ratio             : 100
DSP48 Utilization Ratio            : 100
Auto BRAM Packing                  : NO
Slice Utilization Ratio Delta      : 5

=========================================================================


=========================================================================
*                          HDL Parsing                                  *
=========================================================================
Parsing VHDL file "C:\Xilinx\14.6\ISE_DS\EDK\hw\XilinxProcessorIPLib\pcores\proc_common_v3_00_a\hdl\vhdl\proc_common_pkg.vhd" into library proc_common_v3_00_a
Parsing package <proc_common_pkg>.
Parsing package body <proc_common_pkg>.
Parsing VHDL file "C:\Xilinx\14.6\ISE_DS\EDK\hw\XilinxProcessorIPLib\pcores\proc_common_v3_00_a\hdl\vhdl\family_support.vhd" into library proc_common_v3_00_a
Parsing package <family_support>.
Parsing package body <family_support>.
Parsing VHDL file "C:\Xilinx\14.6\ISE_DS\EDK\hw\XilinxProcessorIPLib\pcores\proc_common_v3_00_a\hdl\vhdl\pselect_f.vhd" into library proc_common_v3_00_a
Parsing entity <pselect_f>.
Parsing architecture <imp> of entity <pselect_f>.
Parsing VHDL file "C:\Xilinx\14.6\ISE_DS\EDK\hw\XilinxProcessorIPLib\pcores\proc_common_v3_00_a\hdl\vhdl\ipif_pkg.vhd" into library proc_common_v3_00_a
Parsing package <ipif_pkg>.
Parsing package body <ipif_pkg>.
Parsing VHDL file "C:\Temp\ra235-2013\lab45-1\pcores\my_peripheral_v1_00_a\hdl\vhdl\vga_sync.vhd" into library work
Parsing entity <vga_sync>.
Parsing architecture <rtl> of entity <vga_sync>.
Parsing VHDL file "C:\Xilinx\14.6\ISE_DS\EDK\hw\XilinxProcessorIPLib\pcores\proc_common_v3_00_a\hdl\vhdl\counter_f.vhd" into library proc_common_v3_00_a
Parsing entity <counter_f>.
Parsing architecture <imp> of entity <counter_f>.
Parsing VHDL file "C:\Xilinx\14.6\ISE_DS\EDK\hw\XilinxProcessorIPLib\pcores\axi_lite_ipif_v1_01_a\hdl\vhdl\address_decoder.vhd" into library axi_lite_ipif_v1_01_a
Parsing entity <address_decoder>.
Parsing architecture <IMP> of entity <address_decoder>.
Parsing VHDL file "C:\Temp\ra235-2013\lab45-1\pcores\my_peripheral_v1_00_a\hdl\vhdl\vga.vhd" into library work
Parsing entity <vga>.
Parsing architecture <rtl> of entity <vga>.
Parsing VHDL file "C:\Temp\ra235-2013\lab45-1\pcores\my_peripheral_v1_00_a\hdl\vhdl\text_mem.vhd" into library work
Parsing entity <text_mem>.
Parsing architecture <arc_text_mem> of entity <text_mem>.
Parsing VHDL file "C:\Temp\ra235-2013\lab45-1\pcores\my_peripheral_v1_00_a\hdl\vhdl\graphics_mem.vhd" into library work
Parsing entity <graphics_mem>.
Parsing architecture <arc_graphics_mem> of entity <graphics_mem>.
Parsing VHDL file "C:\Temp\ra235-2013\lab45-1\pcores\my_peripheral_v1_00_a\hdl\vhdl\char_rom.vhd" into library work
Parsing entity <char_rom>.
Parsing architecture <Behavioral> of entity <char_rom>.
Parsing VHDL file "C:\Xilinx\14.6\ISE_DS\EDK\hw\XilinxProcessorIPLib\pcores\axi_lite_ipif_v1_01_a\hdl\vhdl\slave_attachment.vhd" into library axi_lite_ipif_v1_01_a
Parsing entity <slave_attachment>.
Parsing architecture <imp> of entity <slave_attachment>.
Parsing VHDL file "C:\Temp\ra235-2013\lab45-1\pcores\my_peripheral_v1_00_a\hdl\vhdl\vga_top.vhd" into library work
Parsing entity <vga_top>.
Parsing architecture <rtl> of entity <vga_top>.
Parsing VHDL file "C:\Xilinx\14.6\ISE_DS\EDK\hw\XilinxProcessorIPLib\pcores\axi_lite_ipif_v1_01_a\hdl\vhdl\axi_lite_ipif.vhd" into library axi_lite_ipif_v1_01_a
Parsing entity <axi_lite_ipif>.
Parsing architecture <imp> of entity <axi_lite_ipif>.
Parsing VHDL file "C:\Temp\ra235-2013\lab45-1\pcores\my_peripheral_v1_00_a\hdl\vhdl\user_logic.vhd" into library my_peripheral_v1_00_a
Parsing entity <user_logic>.
Parsing architecture <IMP> of entity <user_logic>.
Parsing VHDL file "C:\Temp\ra235-2013\lab45-1\pcores\my_peripheral_v1_00_a\hdl\vhdl\my_peripheral.vhd" into library my_peripheral_v1_00_a
Parsing entity <my_peripheral>.
Parsing architecture <IMP> of entity <my_peripheral>.

=========================================================================
*                            HDL Elaboration                            *
=========================================================================

Elaborating entity <my_peripheral> (architecture <IMP>) with generics from library <my_peripheral_v1_00_a>.

Elaborating entity <axi_lite_ipif> (architecture <imp>) with generics from library <axi_lite_ipif_v1_01_a>.

Elaborating entity <slave_attachment> (architecture <imp>) with generics from library <axi_lite_ipif_v1_01_a>.

Elaborating entity <address_decoder> (architecture <IMP>) with generics from library <axi_lite_ipif_v1_01_a>.
INFO:HDLCompiler:679 - "C:\Xilinx\14.6\ISE_DS\EDK\hw\XilinxProcessorIPLib\pcores\axi_lite_ipif_v1_01_a\hdl\vhdl\slave_attachment.vhd" Line 417. Case statement is complete. others clause is never selected

Elaborating entity <user_logic> (architecture <IMP>) with generics from library <my_peripheral_v1_00_a>.
WARNING:HDLCompiler:1127 - "C:\Temp\ra235-2013\lab45-1\pcores\my_peripheral_v1_00_a\hdl\vhdl\user_logic.vhd" Line 279: Assignment to message_lenght ignored, since the identifier is never used
WARNING:HDLCompiler:1127 - "C:\Temp\ra235-2013\lab45-1\pcores\my_peripheral_v1_00_a\hdl\vhdl\user_logic.vhd" Line 284: Assignment to graphics_lenght ignored, since the identifier is never used
WARNING:HDLCompiler:89 - "C:\Temp\ra235-2013\lab45-1\pcores\my_peripheral_v1_00_a\hdl\vhdl\user_logic.vhd" Line 220: <oddr2> remains a black-box since it has no binding entity.

Elaborating entity <vga_top> (architecture <rtl>) with generics from library <work>.

Elaborating entity <vga> (architecture <rtl>) with generics from library <work>.
WARNING:HDLCompiler:89 - "C:\Temp\ra235-2013\lab45-1\pcores\my_peripheral_v1_00_a\hdl\vhdl\vga.vhd" Line 123: <srl16> remains a black-box since it has no binding entity.

Elaborating entity <vga_sync> (architecture <rtl>) with generics from library <work>.
WARNING:HDLCompiler:89 - "C:\Temp\ra235-2013\lab45-1\pcores\my_peripheral_v1_00_a\hdl\vhdl\vga.vhd" Line 87: <dcm25mhz> remains a black-box since it has no binding entity.

Elaborating entity <char_rom> (architecture <Behavioral>) from library <work>.
WARNING:HDLCompiler:89 - "C:\Temp\ra235-2013\lab45-1\pcores\my_peripheral_v1_00_a\hdl\vhdl\char_rom.vhd" Line 40: <char_rom_def> remains a black-box since it has no binding entity.
INFO:HDLCompiler:679 - "C:\Temp\ra235-2013\lab45-1\pcores\my_peripheral_v1_00_a\hdl\vhdl\char_rom.vhd" Line 77. Case statement is complete. others clause is never selected

Elaborating entity <text_mem> (architecture <arc_text_mem>) with generics from library <work>.

Elaborating entity <graphics_mem> (architecture <arc_graphics_mem>) with generics from library <work>.
WARNING:HDLCompiler:1127 - "C:\Temp\ra235-2013\lab45-1\pcores\my_peripheral_v1_00_a\hdl\vhdl\vga_top.vhd" Line 308: Assignment to grid_size ignored, since the identifier is never used
WARNING:HDLCompiler:634 - "C:\Temp\ra235-2013\lab45-1\pcores\my_peripheral_v1_00_a\hdl\vhdl\user_logic.vhd" Line 256: Net <char_we> does not have a driver.
WARNING:HDLCompiler:634 - "C:\Temp\ra235-2013\lab45-1\pcores\my_peripheral_v1_00_a\hdl\vhdl\user_logic.vhd" Line 257: Net <char_address[13]> does not have a driver.
WARNING:HDLCompiler:634 - "C:\Temp\ra235-2013\lab45-1\pcores\my_peripheral_v1_00_a\hdl\vhdl\user_logic.vhd" Line 258: Net <char_value[5]> does not have a driver.
WARNING:HDLCompiler:634 - "C:\Temp\ra235-2013\lab45-1\pcores\my_peripheral_v1_00_a\hdl\vhdl\user_logic.vhd" Line 260: Net <pixel_address[19]> does not have a driver.
WARNING:HDLCompiler:634 - "C:\Temp\ra235-2013\lab45-1\pcores\my_peripheral_v1_00_a\hdl\vhdl\user_logic.vhd" Line 261: Net <pixel_value[31]> does not have a driver.
WARNING:HDLCompiler:634 - "C:\Temp\ra235-2013\lab45-1\pcores\my_peripheral_v1_00_a\hdl\vhdl\user_logic.vhd" Line 262: Net <pixel_we> does not have a driver.
WARNING:HDLCompiler:634 - "C:\Temp\ra235-2013\lab45-1\pcores\my_peripheral_v1_00_a\hdl\vhdl\user_logic.vhd" Line 268: Net <dir_red[7]> does not have a driver.
WARNING:HDLCompiler:634 - "C:\Temp\ra235-2013\lab45-1\pcores\my_peripheral_v1_00_a\hdl\vhdl\user_logic.vhd" Line 269: Net <dir_green[7]> does not have a driver.
WARNING:HDLCompiler:634 - "C:\Temp\ra235-2013\lab45-1\pcores\my_peripheral_v1_00_a\hdl\vhdl\user_logic.vhd" Line 270: Net <dir_blue[7]> does not have a driver.

=========================================================================
*                           HDL Synthesis                               *
=========================================================================

Synthesizing Unit <my_peripheral>.
    Related source file is "C:\Temp\ra235-2013\lab45-1\pcores\my_peripheral_v1_00_a\hdl\vhdl\my_peripheral.vhd".
WARNING:Xst:37 - Detected unknown constraint/property "sigis". This constraint/property is not supported by the current software release and will be ignored.
WARNING:Xst:37 - Detected unknown constraint/property "sigis". This constraint/property is not supported by the current software release and will be ignored.
        C_S_AXI_DATA_WIDTH = 32
        C_S_AXI_ADDR_WIDTH = 32
        C_S_AXI_MIN_SIZE = "00000000000000000000000111111111"
        C_USE_WSTRB = 0
        C_DPHASE_TIMEOUT = 8
        C_BASEADDR = "11111111111111111111111111111111"
        C_HIGHADDR = "00000000000000000000000000000000"
        C_FAMILY = "virtex6"
        C_NUM_REG = 1
        C_NUM_MEM = 1
        C_SLV_AWIDTH = 32
        C_SLV_DWIDTH = 32
    Set property "MAX_FANOUT = 10000" for signal <S_AXI_ACLK>.
WARNING:Xst:37 - Detected unknown constraint/property "sigis". This constraint/property is not supported by the current software release and will be ignored.
    Set property "MAX_FANOUT = 10000" for signal <S_AXI_ARESETN>.
WARNING:Xst:37 - Detected unknown constraint/property "sigis". This constraint/property is not supported by the current software release and will be ignored.
    Summary:
	no macro.
Unit <my_peripheral> synthesized.

Synthesizing Unit <axi_lite_ipif>.
    Related source file is "C:\Xilinx\14.6\ISE_DS\EDK\hw\XilinxProcessorIPLib\pcores\axi_lite_ipif_v1_01_a\hdl\vhdl\axi_lite_ipif.vhd".
        C_S_AXI_DATA_WIDTH = 32
        C_S_AXI_ADDR_WIDTH = 32
        C_S_AXI_MIN_SIZE = "00000000000000000000000111111111"
        C_USE_WSTRB = 0
        C_DPHASE_TIMEOUT = 8
        C_ARD_ADDR_RANGE_ARRAY = ("0000000000000000000000000000000011111111111111111111111111111111","0000000000000000000000000000000000000000000000000000000000000000")
        C_ARD_NUM_CE_ARRAY = (1)
        C_FAMILY = "virtex6"
    Summary:
	no macro.
Unit <axi_lite_ipif> synthesized.

Synthesizing Unit <slave_attachment>.
    Related source file is "C:\Xilinx\14.6\ISE_DS\EDK\hw\XilinxProcessorIPLib\pcores\axi_lite_ipif_v1_01_a\hdl\vhdl\slave_attachment.vhd".
        C_ARD_ADDR_RANGE_ARRAY = ("0000000000000000000000000000000011111111111111111111111111111111","0000000000000000000000000000000000000000000000000000000000000000")
        C_ARD_NUM_CE_ARRAY = (1)
        C_IPIF_ABUS_WIDTH = 32
        C_IPIF_DBUS_WIDTH = 32
        C_S_AXI_MIN_SIZE = "00000000000000000000000111111111"
        C_USE_WSTRB = 0
        C_DPHASE_TIMEOUT = 8
        C_FAMILY = "virtex6"
WARNING:Xst:647 - Input <S_AXI_AWADDR<31:9>> is never used. This port will be preserved and left unconnected if it belongs to a top-level block or it belongs to a sub-block and the hierarchy of this sub-block is preserved.
WARNING:Xst:647 - Input <S_AXI_WSTRB> is never used. This port will be preserved and left unconnected if it belongs to a top-level block or it belongs to a sub-block and the hierarchy of this sub-block is preserved.
WARNING:Xst:647 - Input <S_AXI_ARADDR<31:9>> is never used. This port will be preserved and left unconnected if it belongs to a top-level block or it belongs to a sub-block and the hierarchy of this sub-block is preserved.
INFO:Xst:3210 - "C:\Xilinx\14.6\ISE_DS\EDK\hw\XilinxProcessorIPLib\pcores\axi_lite_ipif_v1_01_a\hdl\vhdl\slave_attachment.vhd" line 341: Output port <CS_for_gaps> of the instance <I_DECODER> is unconnected or connected to loadless signal.
    Found 2-bit register for signal <state>.
    Found 2-bit register for signal <s_axi_rresp_i>.
    Found 32-bit register for signal <s_axi_rdata_i>.
    Found 1-bit register for signal <s_axi_rvalid_i>.
    Found 2-bit register for signal <s_axi_bresp_i>.
    Found 1-bit register for signal <s_axi_bvalid_i>.
    Found 4-bit register for signal <INCLUDE_DPHASE_TIMER.dpto_cnt>.
    Found 1-bit register for signal <rst>.
    Found finite state machine <FSM_0> for signal <state>.
    -----------------------------------------------------------------------
    | States             | 4                                              |
    | Transitions        | 10                                             |
    | Inputs             | 6                                              |
    | Outputs            | 4                                              |
    | Clock              | S_AXI_ACLK (rising_edge)                       |
    | Reset              | rst (positive)                                 |
    | Reset type         | synchronous                                    |
    | Reset State        | sm_idle                                        |
    | Power Up State     | sm_idle                                        |
    | Encoding           | auto                                           |
    | Implementation     | LUT                                            |
    -----------------------------------------------------------------------
    Found 4-bit adder for signal <INCLUDE_DPHASE_TIMER.dpto_cnt[3]_GND_12_o_add_31_OUT> created at line 507.
    Summary:
	inferred   1 Adder/Subtractor(s).
	inferred  43 D-type flip-flop(s).
	inferred   2 Multiplexer(s).
	inferred   1 Finite State Machine(s).
Unit <slave_attachment> synthesized.

Synthesizing Unit <address_decoder>.
    Related source file is "C:\Xilinx\14.6\ISE_DS\EDK\hw\XilinxProcessorIPLib\pcores\axi_lite_ipif_v1_01_a\hdl\vhdl\address_decoder.vhd".
        C_BUS_AWIDTH = 9
        C_S_AXI_MIN_SIZE = "00000000000000000000000111111111"
        C_ARD_ADDR_RANGE_ARRAY = ("0000000000000000000000000000000011111111111111111111111111111111","0000000000000000000000000000000000000000000000000000000000000000")
        C_ARD_NUM_CE_ARRAY = (1)
        C_FAMILY = "nofamily"
WARNING:Xst:647 - Input <Address_In_Erly> is never used. This port will be preserved and left unconnected if it belongs to a top-level block or it belongs to a sub-block and the hierarchy of this sub-block is preserved.
WARNING:Xst:647 - Input <Bus_RNW> is never used. This port will be preserved and left unconnected if it belongs to a top-level block or it belongs to a sub-block and the hierarchy of this sub-block is preserved.
    Found 1-bit register for signal <Bus_RNW_reg>.
    Found 1-bit register for signal <ce_out_i>.
    Found 1-bit register for signal <cs_out_i>.
    Summary:
	inferred   3 D-type flip-flop(s).
Unit <address_decoder> synthesized.

Synthesizing Unit <user_logic>.
    Related source file is "C:\Temp\ra235-2013\lab45-1\pcores\my_peripheral_v1_00_a\hdl\vhdl\user_logic.vhd".
WARNING:Xst:37 - Detected unknown constraint/property "sigis". This constraint/property is not supported by the current software release and will be ignored.
WARNING:Xst:37 - Detected unknown constraint/property "sigis". This constraint/property is not supported by the current software release and will be ignored.
        RES_TYPE = 1
        TEXT_MEM_DATA_WIDTH = 6
        GRAPH_MEM_DATA_WIDTH = 32
        C_NUM_REG = 1
        C_SLV_DWIDTH = 32
WARNING:Xst:37 - Detected unknown constraint/property "sigis". This constraint/property is not supported by the current software release and will be ignored.
WARNING:Xst:37 - Detected unknown constraint/property "sigis". This constraint/property is not supported by the current software release and will be ignored.
WARNING:Xst:647 - Input <Bus2IP_Addr> is never used. This port will be preserved and left unconnected if it belongs to a top-level block or it belongs to a sub-block and the hierarchy of this sub-block is preserved.
WARNING:Xst:647 - Input <Bus2IP_CS> is never used. This port will be preserved and left unconnected if it belongs to a top-level block or it belongs to a sub-block and the hierarchy of this sub-block is preserved.
WARNING:Xst:647 - Input <Bus2IP_Data> is never used. This port will be preserved and left unconnected if it belongs to a top-level block or it belongs to a sub-block and the hierarchy of this sub-block is preserved.
WARNING:Xst:647 - Input <Bus2IP_BE> is never used. This port will be preserved and left unconnected if it belongs to a top-level block or it belongs to a sub-block and the hierarchy of this sub-block is preserved.
WARNING:Xst:647 - Input <Bus2IP_RdCE> is never used. This port will be preserved and left unconnected if it belongs to a top-level block or it belongs to a sub-block and the hierarchy of this sub-block is preserved.
WARNING:Xst:647 - Input <Bus2IP_WrCE> is never used. This port will be preserved and left unconnected if it belongs to a top-level block or it belongs to a sub-block and the hierarchy of this sub-block is preserved.
WARNING:Xst:647 - Input <Bus2IP_Resetn> is never used. This port will be preserved and left unconnected if it belongs to a top-level block or it belongs to a sub-block and the hierarchy of this sub-block is preserved.
WARNING:Xst:647 - Input <Bus2IP_RNW> is never used. This port will be preserved and left unconnected if it belongs to a top-level block or it belongs to a sub-block and the hierarchy of this sub-block is preserved.
INFO:Xst:3210 - "C:\Temp\ra235-2013\lab45-1\pcores\my_peripheral_v1_00_a\hdl\vhdl\user_logic.vhd" line 315: Output port <dir_pixel_column_o> of the instance <vga_top_i> is unconnected or connected to loadless signal.
INFO:Xst:3210 - "C:\Temp\ra235-2013\lab45-1\pcores\my_peripheral_v1_00_a\hdl\vhdl\user_logic.vhd" line 315: Output port <dir_pixel_row_o> of the instance <vga_top_i> is unconnected or connected to loadless signal.
INFO:Xst:3210 - "C:\Temp\ra235-2013\lab45-1\pcores\my_peripheral_v1_00_a\hdl\vhdl\user_logic.vhd" line 315: Output port <vga_rst_n_o> of the instance <vga_top_i> is unconnected or connected to loadless signal.
WARNING:Xst:653 - Signal <char_address> is used but never assigned. This sourceless signal will be automatically connected to value GND.
WARNING:Xst:653 - Signal <char_value> is used but never assigned. This sourceless signal will be automatically connected to value GND.
WARNING:Xst:653 - Signal <pixel_address> is used but never assigned. This sourceless signal will be automatically connected to value GND.
WARNING:Xst:653 - Signal <pixel_value> is used but never assigned. This sourceless signal will be automatically connected to value GND.
WARNING:Xst:653 - Signal <dir_red> is used but never assigned. This sourceless signal will be automatically connected to value GND.
WARNING:Xst:653 - Signal <dir_green> is used but never assigned. This sourceless signal will be automatically connected to value GND.
WARNING:Xst:653 - Signal <dir_blue> is used but never assigned. This sourceless signal will be automatically connected to value GND.
WARNING:Xst:653 - Signal <char_we> is used but never assigned. This sourceless signal will be automatically connected to value GND.
WARNING:Xst:653 - Signal <pixel_we> is used but never assigned. This sourceless signal will be automatically connected to value GND.
    Summary:
	no macro.
Unit <user_logic> synthesized.
WARNING:Xst:2972 - "C:\Temp\ra235-2013\lab45-1\pcores\my_peripheral_v1_00_a\hdl\vhdl\vga_top.vhd" line 257. All outputs of instance <graphics_mem_i> of block <graphics_mem> are unconnected in block <vga_top>. Underlying logic will be removed.

Synthesizing Unit <vga_top>.
    Related source file is "C:\Temp\ra235-2013\lab45-1\pcores\my_peripheral_v1_00_a\hdl\vhdl\vga_top.vhd".
        H_RES = 640
        V_RES = 480
        MEM_ADDR_WIDTH = 14
        GRAPH_MEM_ADDR_WIDTH = 20
        TEXT_MEM_DATA_WIDTH = 6
        GRAPH_MEM_DATA_WIDTH = 32
        RES_TYPE = 1
        MEM_SIZE = 4800
    Found 22-bit adder for signal <txt_rom_addr_c> created at line 278.
    Found 11x11-bit multiplier for signal <n0103> created at line 278.
    Summary:
	inferred   1 Multiplier(s).
	inferred   1 Adder/Subtractor(s).
Unit <vga_top> synthesized.

Synthesizing Unit <vga>.
    Related source file is "C:\Temp\ra235-2013\lab45-1\pcores\my_peripheral_v1_00_a\hdl\vhdl\vga.vhd".
        RESOLUTION_TYPE = 1
        H_RES = 640
        V_RES = 480
    Found 1-bit register for signal <locked_del_reg_r>.
    Summary:
	inferred   1 D-type flip-flop(s).
Unit <vga> synthesized.

Synthesizing Unit <vga_sync>.
    Related source file is "C:\Temp\ra235-2013\lab45-1\pcores\my_peripheral_v1_00_a\hdl\vhdl\vga_sync.vhd".
        HORIZONTAL_RES = 640
        VERTICAL_RES = 480
        FRAME_SIZE = 4
    Found 1-bit register for signal <horiz_sync_r>.
    Found 11-bit register for signal <v_count_r>.
    Found 1-bit register for signal <vert_sync_r>.
    Found 1-bit register for signal <horiz_sync_out_r>.
    Found 1-bit register for signal <vert_sync_out_r>.
    Found 1-bit register for signal <psave_r>.
    Found 1-bit register for signal <blank_r>.
    Found 1-bit register for signal <sync_r>.
    Found 1-bit register for signal <horiz_sync_out_d_r>.
    Found 1-bit register for signal <vert_sync_out_d_r>.
    Found 1-bit register for signal <psave_d_r>.
    Found 1-bit register for signal <blank_d_r>.
    Found 1-bit register for signal <sync_d_r>.
    Found 8-bit register for signal <red_r>.
    Found 8-bit register for signal <green_r>.
    Found 8-bit register for signal <blue_r>.
    Found 11-bit register for signal <h_count_r>.
    Found 11-bit adder for signal <h_count_r[10]_GND_20_o_add_12_OUT> created at line 212.
    Found 11-bit adder for signal <v_count_r[10]_GND_20_o_add_28_OUT> created at line 247.
    Found 12-bit comparator greater for signal <BUS_0002_GND_20_o_LessThan_12_o> created at line 212
    Found 12-bit comparator lessequal for signal <n0017> created at line 229
    Found 12-bit comparator greater for signal <BUS_0006_GND_20_o_LessThan_21_o> created at line 229
    Found 12-bit comparator greater for signal <BUS_0011_GND_20_o_LessThan_28_o> created at line 247
    Found 12-bit comparator lessequal for signal <n0038> created at line 266
    Found 12-bit comparator greater for signal <BUS_0017_GND_20_o_LessThan_41_o> created at line 266
    Found 11-bit comparator lessequal for signal <n0047> created at line 279
    Found 11-bit comparator lessequal for signal <n0049> created at line 279
    Summary:
	inferred   2 Adder/Subtractor(s).
	inferred  34 D-type flip-flop(s).
	inferred   8 Comparator(s).
	inferred   2 Multiplexer(s).
Unit <vga_sync> synthesized.

Synthesizing Unit <char_rom>.
    Related source file is "C:\Temp\ra235-2013\lab45-1\pcores\my_peripheral_v1_00_a\hdl\vhdl\char_rom.vhd".
    Found 1-bit 8-to-1 multiplexer for signal <rom_mux_output_o> created at line 67.
    Summary:
	inferred   1 Multiplexer(s).
Unit <char_rom> synthesized.

Synthesizing Unit <text_mem>.
    Related source file is "C:\Temp\ra235-2013\lab45-1\pcores\my_peripheral_v1_00_a\hdl\vhdl\text_mem.vhd".
        MEM_ADDR_WIDTH = 14
        MEM_DATA_WIDTH = 6
        MEM_SIZE = 4800
WARNING:Xst:647 - Input <wr_addr_i<13:13>> is never used. This port will be preserved and left unconnected if it belongs to a top-level block or it belongs to a sub-block and the hierarchy of this sub-block is preserved.
WARNING:Xst:647 - Input <reset_n_i> is never used. This port will be preserved and left unconnected if it belongs to a top-level block or it belongs to a sub-block and the hierarchy of this sub-block is preserved.
WARNING:Xst:3035 - Index value(s) does not match array range for signal <text_mem>, simulation mismatch.
    Found 4800x6-bit dual-port RAM <Mram_text_mem> for signal <text_mem>.
    Found 6-bit register for signal <rd_data_o>.
    Found 31-bit comparator greater for signal <index_t[30]_GND_23_o_LessThan_5_o> created at line 66
    Summary:
	inferred   1 RAM(s).
	inferred   6 D-type flip-flop(s).
	inferred   1 Comparator(s).
	inferred   1 Multiplexer(s).
Unit <text_mem> synthesized.

Synthesizing Unit <graphics_mem>.
    Related source file is "C:\Temp\ra235-2013\lab45-1\pcores\my_peripheral_v1_00_a\hdl\vhdl\graphics_mem.vhd".
        MEM_ADDR_WIDTH = 20
        MEM_DATA_WIDTH = 32
        MEM_SIZE = 307200
WARNING:Xst:647 - Input <reset_n_i> is never used. This port will be preserved and left unconnected if it belongs to a top-level block or it belongs to a sub-block and the hierarchy of this sub-block is preserved.
WARNING:Xst:3035 - Index value(s) does not match array range for signal <graphics_mem>, simulation mismatch.
    Found 9600x32-bit dual-port RAM <Mram_graphics_mem> for signal <graphics_mem>.
    Found 1-bit register for signal <rd_value<31>>.
    Found 1-bit register for signal <rd_value<30>>.
    Found 1-bit register for signal <rd_value<29>>.
    Found 1-bit register for signal <rd_value<28>>.
    Found 1-bit register for signal <rd_value<27>>.
    Found 1-bit register for signal <rd_value<26>>.
    Found 1-bit register for signal <rd_value<25>>.
    Found 1-bit register for signal <rd_value<24>>.
    Found 1-bit register for signal <rd_value<23>>.
    Found 1-bit register for signal <rd_value<22>>.
    Found 1-bit register for signal <rd_value<21>>.
    Found 1-bit register for signal <rd_value<20>>.
    Found 1-bit register for signal <rd_value<19>>.
    Found 1-bit register for signal <rd_value<18>>.
    Found 1-bit register for signal <rd_value<17>>.
    Found 1-bit register for signal <rd_value<16>>.
    Found 1-bit register for signal <rd_value<15>>.
    Found 1-bit register for signal <rd_value<14>>.
    Found 1-bit register for signal <rd_value<13>>.
    Found 1-bit register for signal <rd_value<12>>.
    Found 1-bit register for signal <rd_value<11>>.
    Found 1-bit register for signal <rd_value<10>>.
    Found 1-bit register for signal <rd_value<9>>.
    Found 1-bit register for signal <rd_value<8>>.
    Found 1-bit register for signal <rd_value<7>>.
    Found 1-bit register for signal <rd_value<6>>.
    Found 1-bit register for signal <rd_value<5>>.
    Found 1-bit register for signal <rd_value<4>>.
    Found 1-bit register for signal <rd_value<3>>.
    Found 1-bit register for signal <rd_value<2>>.
    Found 1-bit register for signal <rd_value<1>>.
    Found 1-bit register for signal <rd_value<0>>.
    Summary:
	inferred   1 RAM(s).
	inferred  32 D-type flip-flop(s).
Unit <graphics_mem> synthesized.

=========================================================================
HDL Synthesis Report

Macro Statistics
# RAMs                                                 : 1
 4800x6-bit dual-port RAM                              : 1
# Multipliers                                          : 1
 11x11-bit multiplier                                  : 1
# Adders/Subtractors                                   : 4
 11-bit adder                                          : 2
 22-bit adder                                          : 1
 4-bit adder                                           : 1
# Registers                                            : 26
 1-bit register                                        : 19
 11-bit register                                       : 2
 2-bit register                                        : 2
 32-bit register                                       : 1
 4-bit register                                        : 1
 6-bit register                                        : 1
# Comparators                                          : 9
 11-bit comparator lessequal                           : 2
 12-bit comparator greater                             : 4
 12-bit comparator lessequal                           : 2
 31-bit comparator greater                             : 1
# Multiplexers                                         : 6
 1-bit 2-to-1 multiplexer                              : 1
 1-bit 8-to-1 multiplexer                              : 1
 11-bit 2-to-1 multiplexer                             : 2
 31-bit 2-to-1 multiplexer                             : 1
 32-bit 2-to-1 multiplexer                             : 1
# FSMs                                                 : 1

=========================================================================

=========================================================================
*                       Advanced HDL Synthesis                          *
=========================================================================

WARNING:Xst:1290 - Hierarchical block <I_DECODER> is unconnected in block <I_SLAVE_ATTACHMENT>.
   It will be removed from the design.
WARNING:Xst:1293 - FF/Latch <s_axi_rdata_i_18> has a constant value of 0 in block <I_SLAVE_ATTACHMENT>. This FF/Latch will be trimmed during the optimization process.
WARNING:Xst:1293 - FF/Latch <s_axi_rdata_i_19> has a constant value of 0 in block <I_SLAVE_ATTACHMENT>. This FF/Latch will be trimmed during the optimization process.
WARNING:Xst:1293 - FF/Latch <s_axi_rdata_i_20> has a constant value of 0 in block <I_SLAVE_ATTACHMENT>. This FF/Latch will be trimmed during the optimization process.
WARNING:Xst:1293 - FF/Latch <s_axi_rdata_i_21> has a constant value of 0 in block <I_SLAVE_ATTACHMENT>. This FF/Latch will be trimmed during the optimization process.
WARNING:Xst:1293 - FF/Latch <s_axi_rdata_i_22> has a constant value of 0 in block <I_SLAVE_ATTACHMENT>. This FF/Latch will be trimmed during the optimization process.
WARNING:Xst:1293 - FF/Latch <s_axi_rdata_i_23> has a constant value of 0 in block <I_SLAVE_ATTACHMENT>. This FF/Latch will be trimmed during the optimization process.
WARNING:Xst:1293 - FF/Latch <s_axi_rdata_i_24> has a constant value of 0 in block <I_SLAVE_ATTACHMENT>. This FF/Latch will be trimmed during the optimization process.
WARNING:Xst:1293 - FF/Latch <s_axi_rdata_i_25> has a constant value of 0 in block <I_SLAVE_ATTACHMENT>. This FF/Latch will be trimmed during the optimization process.
WARNING:Xst:1293 - FF/Latch <s_axi_rdata_i_26> has a constant value of 0 in block <I_SLAVE_ATTACHMENT>. This FF/Latch will be trimmed during the optimization process.
WARNING:Xst:1293 - FF/Latch <s_axi_rdata_i_27> has a constant value of 0 in block <I_SLAVE_ATTACHMENT>. This FF/Latch will be trimmed during the optimization process.
WARNING:Xst:1293 - FF/Latch <s_axi_rdata_i_28> has a constant value of 0 in block <I_SLAVE_ATTACHMENT>. This FF/Latch will be trimmed during the optimization process.
WARNING:Xst:1293 - FF/Latch <s_axi_rdata_i_29> has a constant value of 0 in block <I_SLAVE_ATTACHMENT>. This FF/Latch will be trimmed during the optimization process.
WARNING:Xst:1293 - FF/Latch <s_axi_rdata_i_30> has a constant value of 0 in block <I_SLAVE_ATTACHMENT>. This FF/Latch will be trimmed during the optimization process.
WARNING:Xst:1293 - FF/Latch <s_axi_rdata_i_31> has a constant value of 0 in block <I_SLAVE_ATTACHMENT>. This FF/Latch will be trimmed during the optimization process.
WARNING:Xst:1293 - FF/Latch <s_axi_rresp_i_0> has a constant value of 0 in block <I_SLAVE_ATTACHMENT>. This FF/Latch will be trimmed during the optimization process.
WARNING:Xst:1293 - FF/Latch <s_axi_rresp_i_1> has a constant value of 0 in block <I_SLAVE_ATTACHMENT>. This FF/Latch will be trimmed during the optimization process.
WARNING:Xst:1293 - FF/Latch <s_axi_bresp_i_0> has a constant value of 0 in block <I_SLAVE_ATTACHMENT>. This FF/Latch will be trimmed during the optimization process.
WARNING:Xst:1293 - FF/Latch <s_axi_bresp_i_1> has a constant value of 0 in block <I_SLAVE_ATTACHMENT>. This FF/Latch will be trimmed during the optimization process.
WARNING:Xst:1293 - FF/Latch <s_axi_rdata_i_0> has a constant value of 0 in block <I_SLAVE_ATTACHMENT>. This FF/Latch will be trimmed during the optimization process.
WARNING:Xst:1293 - FF/Latch <s_axi_rdata_i_1> has a constant value of 0 in block <I_SLAVE_ATTACHMENT>. This FF/Latch will be trimmed during the optimization process.
WARNING:Xst:1293 - FF/Latch <s_axi_rdata_i_2> has a constant value of 0 in block <I_SLAVE_ATTACHMENT>. This FF/Latch will be trimmed during the optimization process.
WARNING:Xst:1293 - FF/Latch <s_axi_rdata_i_3> has a constant value of 0 in block <I_SLAVE_ATTACHMENT>. This FF/Latch will be trimmed during the optimization process.
WARNING:Xst:1293 - FF/Latch <s_axi_rdata_i_4> has a constant value of 0 in block <I_SLAVE_ATTACHMENT>. This FF/Latch will be trimmed during the optimization process.
WARNING:Xst:1293 - FF/Latch <s_axi_rdata_i_5> has a constant value of 0 in block <I_SLAVE_ATTACHMENT>. This FF/Latch will be trimmed during the optimization process.
WARNING:Xst:1293 - FF/Latch <s_axi_rdata_i_6> has a constant value of 0 in block <I_SLAVE_ATTACHMENT>. This FF/Latch will be trimmed during the optimization process.
WARNING:Xst:1293 - FF/Latch <s_axi_rdata_i_7> has a constant value of 0 in block <I_SLAVE_ATTACHMENT>. This FF/Latch will be trimmed during the optimization process.
WARNING:Xst:1293 - FF/Latch <s_axi_rdata_i_8> has a constant value of 0 in block <I_SLAVE_ATTACHMENT>. This FF/Latch will be trimmed during the optimization process.
WARNING:Xst:1293 - FF/Latch <s_axi_rdata_i_9> has a constant value of 0 in block <I_SLAVE_ATTACHMENT>. This FF/Latch will be trimmed during the optimization process.
WARNING:Xst:1293 - FF/Latch <s_axi_rdata_i_10> has a constant value of 0 in block <I_SLAVE_ATTACHMENT>. This FF/Latch will be trimmed during the optimization process.
WARNING:Xst:1293 - FF/Latch <s_axi_rdata_i_11> has a constant value of 0 in block <I_SLAVE_ATTACHMENT>. This FF/Latch will be trimmed during the optimization process.
WARNING:Xst:1293 - FF/Latch <s_axi_rdata_i_12> has a constant value of 0 in block <I_SLAVE_ATTACHMENT>. This FF/Latch will be trimmed during the optimization process.
WARNING:Xst:1293 - FF/Latch <s_axi_rdata_i_13> has a constant value of 0 in block <I_SLAVE_ATTACHMENT>. This FF/Latch will be trimmed during the optimization process.
WARNING:Xst:1293 - FF/Latch <s_axi_rdata_i_14> has a constant value of 0 in block <I_SLAVE_ATTACHMENT>. This FF/Latch will be trimmed during the optimization process.
WARNING:Xst:1293 - FF/Latch <s_axi_rdata_i_15> has a constant value of 0 in block <I_SLAVE_ATTACHMENT>. This FF/Latch will be trimmed during the optimization process.
WARNING:Xst:1293 - FF/Latch <s_axi_rdata_i_16> has a constant value of 0 in block <I_SLAVE_ATTACHMENT>. This FF/Latch will be trimmed during the optimization process.
WARNING:Xst:1293 - FF/Latch <s_axi_rdata_i_17> has a constant value of 0 in block <I_SLAVE_ATTACHMENT>. This FF/Latch will be trimmed during the optimization process.

Synthesizing (advanced) Unit <slave_attachment>.
The following registers are absorbed into counter <INCLUDE_DPHASE_TIMER.dpto_cnt>: 1 register on signal <INCLUDE_DPHASE_TIMER.dpto_cnt>.
Unit <slave_attachment> synthesized (advanced).

Synthesizing (advanced) Unit <text_mem>.
INFO:Xst:3226 - The RAM <Mram_text_mem> will be implemented as a BLOCK RAM, absorbing the following register(s): <rd_data_o>
    -----------------------------------------------------------------------
    | ram_type           | Block                               |          |
    -----------------------------------------------------------------------
    | Port A                                                              |
    |     aspect ratio   | 4800-word x 6-bit                   |          |
    |     mode           | write-first                         |          |
    |     clkA           | connected to signal <wr_clk_i>      | rise     |
    |     weA            | connected to signal <GND>           | high     |
    |     addrA          | connected to signal <GND>           |          |
    |     diA            | connected to signal <GND>           |          |
    -----------------------------------------------------------------------
    | optimization       | speed                               |          |
    -----------------------------------------------------------------------
    | Port B                                                              |
    |     aspect ratio   | 4800-word x 6-bit                   |          |
    |     mode           | write-first                         |          |
    |     clkB           | connected to signal <rd_clk_i>      | rise     |
    |     addrB          | connected to signal <index>         |          |
    |     doB            | connected to signal <rd_data_o>     |          |
    -----------------------------------------------------------------------
    | optimization       | speed                               |          |
    -----------------------------------------------------------------------
Unit <text_mem> synthesized (advanced).

Synthesizing (advanced) Unit <vga_sync>.
The following registers are absorbed into counter <h_count_r>: 1 register on signal <h_count_r>.
The following registers are absorbed into counter <v_count_r>: 1 register on signal <v_count_r>.
Unit <vga_sync> synthesized (advanced).

Synthesizing (advanced) Unit <vga_top>.
	Multiplier <Mmult_n0103> in block <vga_top> and adder/subtractor <Madd_txt_rom_addr_c_Madd> in block <vga_top> are combined into a MAC<Maddsub_n0103>.
Unit <vga_top> synthesized (advanced).

=========================================================================
Advanced HDL Synthesis Report

Macro Statistics
# RAMs                                                 : 1
 4800x6-bit dual-port block RAM                        : 1
# MACs                                                 : 1
 8x7-to-14-bit MAC                                     : 1
# Counters                                             : 3
 11-bit up counter                                     : 2
 4-bit up counter                                      : 1
# Registers                                            : 55
 Flip-Flops                                            : 55
# Comparators                                          : 9
 11-bit comparator lessequal                           : 2
 12-bit comparator greater                             : 4
 12-bit comparator lessequal                           : 2
 31-bit comparator greater                             : 1
# Multiplexers                                         : 4
 1-bit 2-to-1 multiplexer                              : 1
 1-bit 8-to-1 multiplexer                              : 1
 31-bit 2-to-1 multiplexer                             : 1
 32-bit 2-to-1 multiplexer                             : 1
# FSMs                                                 : 1

=========================================================================

=========================================================================
*                         Low Level Synthesis                           *
=========================================================================
WARNING:Xst:1293 - FF/Latch <s_axi_rresp_i_0> has a constant value of 0 in block <slave_attachment>. This FF/Latch will be trimmed during the optimization process.
WARNING:Xst:1896 - Due to other FF/Latch trimming, FF/Latch <s_axi_bresp_i_0> has a constant value of 0 in block <slave_attachment>. This FF/Latch will be trimmed during the optimization process.
INFO:Xst:2261 - The FF/Latch <s_axi_rdata_i_0> in Unit <slave_attachment> is equivalent to the following 32 FFs/Latches, which will be removed : <s_axi_rdata_i_1> <s_axi_rdata_i_2> <s_axi_rdata_i_3> <s_axi_rdata_i_4> <s_axi_rdata_i_5> <s_axi_rdata_i_6> <s_axi_rdata_i_7> <s_axi_rdata_i_8> <s_axi_rdata_i_9> <s_axi_rdata_i_10> <s_axi_rdata_i_11> <s_axi_rdata_i_12> <s_axi_rdata_i_13> <s_axi_rdata_i_14> <s_axi_rdata_i_15> <s_axi_rdata_i_16> <s_axi_rdata_i_17> <s_axi_rdata_i_18> <s_axi_rdata_i_19> <s_axi_rdata_i_20> <s_axi_rdata_i_21> <s_axi_rdata_i_22> <s_axi_rdata_i_23> <s_axi_rdata_i_24> <s_axi_rdata_i_25> <s_axi_rdata_i_26> <s_axi_rdata_i_27> <s_axi_rdata_i_28> <s_axi_rdata_i_29> <s_axi_rdata_i_30> <s_axi_rdata_i_31> <s_axi_rresp_i_1> 
INFO:Xst:2261 - The FF/Latch <I_DECODER/ce_out_i_0> in Unit <slave_attachment> is equivalent to the following FF/Latch, which will be removed : <I_DECODER/cs_out_i_0> 
WARNING:Xst:1293 - FF/Latch <s_axi_rdata_i_0> has a constant value of 0 in block <slave_attachment>. This FF/Latch will be trimmed during the optimization process.
WARNING:Xst:1896 - Due to other FF/Latch trimming, FF/Latch <s_axi_bresp_i_1> has a constant value of 0 in block <slave_attachment>. This FF/Latch will be trimmed during the optimization process.
Analyzing FSM <MFsm> for best encoding.
Optimizing FSM <AXI_LITE_IPIF_I/I_SLAVE_ATTACHMENT/FSM_0> on signal <state[1:2]> with user encoding.
----------------------
 State    | Encoding
----------------------
 sm_idle  | 00
 sm_read  | 01
 sm_write | 10
 sm_resp  | 11
----------------------

Optimizing unit <my_peripheral> ...

Optimizing unit <slave_attachment> ...

Optimizing unit <vga_sync> ...
WARNING:Xst:2677 - Node <AXI_LITE_IPIF_I/I_SLAVE_ATTACHMENT/I_DECODER/Bus_RNW_reg> of sequential type is unconnected in block <my_peripheral>.
WARNING:Xst:2677 - Node <AXI_LITE_IPIF_I/I_SLAVE_ATTACHMENT/I_DECODER/ce_out_i_0> of sequential type is unconnected in block <my_peripheral>.
INFO:Xst:2399 - RAMs <USER_LOGIC_I/vga_top_i/text_mem_i/Mram_text_mem3>, <USER_LOGIC_I/vga_top_i/text_mem_i/Mram_text_mem1> are equivalent, second RAM is removed
INFO:Xst:2399 - RAMs <USER_LOGIC_I/vga_top_i/text_mem_i/Mram_text_mem3>, <USER_LOGIC_I/vga_top_i/text_mem_i/Mram_text_mem2> are equivalent, second RAM is removed
WARNING:Xst:1710 - FF/Latch <USER_LOGIC_I/vga_top_i/vga_i/vga_sync_i/v_count_r_10> (without init value) has a constant value of 0 in block <my_peripheral>. This FF/Latch will be trimmed during the optimization process.
WARNING:Xst:1710 - FF/Latch <USER_LOGIC_I/vga_top_i/vga_i/vga_sync_i/h_count_r_10> (without init value) has a constant value of 0 in block <my_peripheral>. This FF/Latch will be trimmed during the optimization process.

Mapping all equations...
Building and optimizing final netlist ...
Found area constraint ratio of 100 (+ 5) on block my_peripheral, actual ratio is 0.

Final Macro Processing ...

=========================================================================
Final Register Report

Macro Statistics
# Registers                                            : 42
 Flip-Flops                                            : 42

=========================================================================

=========================================================================
*                           Partition Report                            *
=========================================================================

Partition Implementation Status
-------------------------------

  No Partitions were found in this design.

-------------------------------

=========================================================================
*                            Design Summary                             *
=========================================================================

Top Level Output File Name         : my_peripheral.ngc

Primitive and Black Box Usage:
------------------------------
# BELS                             : 103
#      GND                         : 1
#      INV                         : 4
#      LUT2                        : 25
#      LUT3                        : 7
#      LUT4                        : 2
#      LUT5                        : 4
#      LUT6                        : 19
#      MUXCY                       : 18
#      MUXF7                       : 2
#      VCC                         : 1
#      XORCY                       : 20
# FlipFlops/Latches                : 43
#      FD                          : 2
#      FDR                         : 28
#      FDRE                        : 10
#      FDS                         : 1
#      FDSE                        : 1
#      ODDR2                       : 1
# RAMS                             : 1
#      RAMB16BWER                  : 1
# Shift Registers                  : 1
#      SRL16                       : 1
# Clock Buffers                    : 1
#      BUFGP                       : 1
# IO Buffers                       : 79
#      IBUF                        : 8
#      OBUF                        : 71
# DSPs                             : 1
#      DSP48A1                     : 1
# Others                           : 2
#      char_rom_def                : 1
#      dcm25MHz                    : 1

Device utilization summary:
---------------------------

Selected Device : 6slx45fgg676-2 


Slice Logic Utilization: 
 Number of Slice Registers:              43  out of  54576     0%  
 Number of Slice LUTs:                   62  out of  27288     0%  
    Number used as Logic:                61  out of  27288     0%  
    Number used as Memory:                1  out of   6408     0%  
       Number used as SRL:                1

Slice Logic Distribution: 
 Number of LUT Flip Flop pairs used:     75
   Number with an unused Flip Flop:      32  out of     75    42%  
   Number with an unused LUT:            13  out of     75    17%  
   Number of fully used LUT-FF pairs:    30  out of     75    40%  
   Number of unique control sets:         7

IO Utilization: 
 Number of IOs:                         180
 Number of bonded IOBs:                  80  out of    358    22%  

Specific Feature Utilization:
 Number of Block RAM/FIFO:                1  out of    116     0%  
    Number using Block RAM only:          1
 Number of BUFG/BUFGCTRLs:                1  out of     16     6%  
 Number of DSP48A1s:                      1  out of     58     1%  

---------------------------
Partition Resource Summary:
---------------------------

  No Partitions were found in this design.

---------------------------


=========================================================================
Timing Report

NOTE: THESE TIMING NUMBERS ARE ONLY A SYNTHESIS ESTIMATE.
      FOR ACCURATE TIMING INFORMATION PLEASE REFER TO THE TRACE REPORT
      GENERATED AFTER PLACE-and-ROUTE.

Clock Information:
------------------
-----------------------------------+----------------------------------------------------+-------+
Clock Signal                       | Clock buffer(FF name)                              | Load  |
-----------------------------------+----------------------------------------------------+-------+
USER_LOGIC_I/vga_top_i/vga_i/clk_s | NONE(USER_LOGIC_I/vga_top_i/vga_i/locked_del_reg_r)| 38    |
S_AXI_ACLK                         | BUFGP                                              | 10    |
-----------------------------------+----------------------------------------------------+-------+
INFO:Xst:2169 - HDL ADVISOR - Some clock signals were not automatically buffered by XST with BUFG/BUFR resources. Please use the buffer_type constraint in order to insert these buffers to the clock signals to help prevent skew problems.

Asynchronous Control Signals Information:
----------------------------------------
No asynchronous control signals found in this design

Timing Summary:
---------------
Speed Grade: -2

   Minimum period: 10.092ns (Maximum Frequency: 99.088MHz)
   Minimum input arrival time before clock: 3.404ns
   Maximum output required time after clock: 4.380ns
   Maximum combinational path delay: 2.945ns

Timing Details:
---------------
All values displayed in nanoseconds (ns)

=========================================================================
Timing constraint: Default period analysis for Clock 'USER_LOGIC_I/vga_top_i/vga_i/clk_s'
  Clock period: 10.092ns (frequency: 99.088MHz)
  Total number of paths / destination ports: 2364 / 94
-------------------------------------------------------------------------
Delay:               10.092ns (Levels of Logic = 3)
  Source:            USER_LOGIC_I/vga_top_i/vga_i/vga_sync_i/v_count_r_9 (FF)
  Destination:       USER_LOGIC_I/vga_top_i/text_mem_i/Mram_text_mem3 (RAM)
  Source Clock:      USER_LOGIC_I/vga_top_i/vga_i/clk_s rising
  Destination Clock: USER_LOGIC_I/vga_top_i/vga_i/clk_s rising

  Data Path: USER_LOGIC_I/vga_top_i/vga_i/vga_sync_i/v_count_r_9 to USER_LOGIC_I/vga_top_i/text_mem_i/Mram_text_mem3
                                Gate     Net
    Cell:in->out      fanout   Delay   Delay  Logical Name (Net Name)
    ----------------------------------------  ------------
     FDRE:C->Q             5   0.525   0.840  USER_LOGIC_I/vga_top_i/vga_i/vga_sync_i/v_count_r_9 (USER_LOGIC_I/vga_top_i/vga_i/vga_sync_i/v_count_r_9)
     DSP48A1:B5->P11       5   5.145   0.949  USER_LOGIC_I/vga_top_i/Maddsub_n0103 (USER_LOGIC_I/vga_top_i/txt_rom_addr_c<11>)
     LUT2:I0->O            8   0.250   1.052  USER_LOGIC_I/vga_top_i/text_mem_i/index_t[30]_GND_23_o_LessThan_5_o1_SW2 (N18)
     LUT6:I4->O            1   0.250   0.681  USER_LOGIC_I/vga_top_i/text_mem_i/Mmux_index111 (USER_LOGIC_I/vga_top_i/text_mem_i/index<7>)
     RAMB16BWER:ADDRB8         0.400          USER_LOGIC_I/vga_top_i/text_mem_i/Mram_text_mem3
    ----------------------------------------
    Total                     10.092ns (6.570ns logic, 3.522ns route)
                                       (65.1% logic, 34.9% route)

=========================================================================
Timing constraint: Default period analysis for Clock 'S_AXI_ACLK'
  Clock period: 3.021ns (frequency: 331.016MHz)
  Total number of paths / destination ports: 42 / 16
-------------------------------------------------------------------------
Delay:               3.021ns (Levels of Logic = 1)
  Source:            AXI_LITE_IPIF_I/I_SLAVE_ATTACHMENT/state_FSM_FFd2 (FF)
  Destination:       AXI_LITE_IPIF_I/I_SLAVE_ATTACHMENT/INCLUDE_DPHASE_TIMER.dpto_cnt_3 (FF)
  Source Clock:      S_AXI_ACLK rising
  Destination Clock: S_AXI_ACLK rising

  Data Path: AXI_LITE_IPIF_I/I_SLAVE_ATTACHMENT/state_FSM_FFd2 to AXI_LITE_IPIF_I/I_SLAVE_ATTACHMENT/INCLUDE_DPHASE_TIMER.dpto_cnt_3
                                Gate     Net
    Cell:in->out      fanout   Delay   Delay  Logical Name (Net Name)
    ----------------------------------------  ------------
     FDR:C->Q              6   0.525   0.984  AXI_LITE_IPIF_I/I_SLAVE_ATTACHMENT/state_FSM_FFd2 (AXI_LITE_IPIF_I/I_SLAVE_ATTACHMENT/state_FSM_FFd2)
     LUT2:I0->O            4   0.250   0.803  AXI_LITE_IPIF_I/I_SLAVE_ATTACHMENT/GND_12_o_PWR_12_o_OR_9_o1 (AXI_LITE_IPIF_I/I_SLAVE_ATTACHMENT/GND_12_o_PWR_12_o_OR_9_o)
     FDR:R                     0.459          AXI_LITE_IPIF_I/I_SLAVE_ATTACHMENT/INCLUDE_DPHASE_TIMER.dpto_cnt_0
    ----------------------------------------
    Total                      3.021ns (1.234ns logic, 1.787ns route)
                                       (40.8% logic, 59.2% route)

=========================================================================
Timing constraint: Default OFFSET IN BEFORE for Clock 'USER_LOGIC_I/vga_top_i/vga_i/clk_s'
  Total number of paths / destination ports: 2 / 2
-------------------------------------------------------------------------
Offset:              3.404ns (Levels of Logic = 2)
  Source:            reset_n_i (PAD)
  Destination:       USER_LOGIC_I/vga_top_i/vga_i/locked_del_reg_r (FF)
  Destination Clock: USER_LOGIC_I/vga_top_i/vga_i/clk_s rising

  Data Path: reset_n_i to USER_LOGIC_I/vga_top_i/vga_i/locked_del_reg_r
                                Gate     Net
    Cell:in->out      fanout   Delay   Delay  Logical Name (Net Name)
    ----------------------------------------  ------------
     IBUF:I->O             1   1.328   0.681  reset_n_i_IBUF (reset_n_i_IBUF)
     INV:I->O              1   0.255   0.681  USER_LOGIC_I/vga_top_i/vga_i/rst_n_i_inv1_INV_0 (USER_LOGIC_I/vga_top_i/vga_i/rst_n_i_inv)
     FDR:R                     0.459          USER_LOGIC_I/vga_top_i/vga_i/locked_del_reg_r
    ----------------------------------------
    Total                      3.404ns (2.042ns logic, 1.362ns route)
                                       (60.0% logic, 40.0% route)

=========================================================================
Timing constraint: Default OFFSET IN BEFORE for Clock 'S_AXI_ACLK'
  Total number of paths / destination ports: 11 / 5
-------------------------------------------------------------------------
Offset:              3.027ns (Levels of Logic = 3)
  Source:            S_AXI_RREADY (PAD)
  Destination:       AXI_LITE_IPIF_I/I_SLAVE_ATTACHMENT/state_FSM_FFd1 (FF)
  Destination Clock: S_AXI_ACLK rising

  Data Path: S_AXI_RREADY to AXI_LITE_IPIF_I/I_SLAVE_ATTACHMENT/state_FSM_FFd1
                                Gate     Net
    Cell:in->out      fanout   Delay   Delay  Logical Name (Net Name)
    ----------------------------------------  ------------
     IBUF:I->O             3   1.328   1.196  S_AXI_RREADY_IBUF (S_AXI_RREADY_IBUF)
     LUT6:I1->O            1   0.254   0.000  AXI_LITE_IPIF_I/I_SLAVE_ATTACHMENT/state_FSM_FFd1-In2_G (N35)
     MUXF7:I1->O           1   0.175   0.000  AXI_LITE_IPIF_I/I_SLAVE_ATTACHMENT/state_FSM_FFd1-In2 (AXI_LITE_IPIF_I/I_SLAVE_ATTACHMENT/state_FSM_FFd1-In)
     FDR:D                     0.074          AXI_LITE_IPIF_I/I_SLAVE_ATTACHMENT/state_FSM_FFd1
    ----------------------------------------
    Total                      3.027ns (1.831ns logic, 1.196ns route)
                                       (60.5% logic, 39.5% route)

=========================================================================
Timing constraint: Default OFFSET OUT AFTER for Clock 'USER_LOGIC_I/vga_top_i/vga_i/clk_s'
  Total number of paths / destination ports: 14 / 14
-------------------------------------------------------------------------
Offset:              4.118ns (Levels of Logic = 1)
  Source:            USER_LOGIC_I/vga_top_i/vga_i/vga_sync_i/horiz_sync_out_r (FF)
  Destination:       vga_hsync_o (PAD)
  Source Clock:      USER_LOGIC_I/vga_top_i/vga_i/clk_s rising

  Data Path: USER_LOGIC_I/vga_top_i/vga_i/vga_sync_i/horiz_sync_out_r to vga_hsync_o
                                Gate     Net
    Cell:in->out      fanout   Delay   Delay  Logical Name (Net Name)
    ----------------------------------------  ------------
     FDR:C->Q              1   0.525   0.681  USER_LOGIC_I/vga_top_i/vga_i/vga_sync_i/horiz_sync_out_r (USER_LOGIC_I/vga_top_i/vga_i/vga_sync_i/horiz_sync_out_r)
     OBUF:I->O                 2.912          vga_hsync_o_OBUF (vga_hsync_o)
    ----------------------------------------
    Total                      4.118ns (3.437ns logic, 0.681ns route)
                                       (83.5% logic, 16.5% route)

=========================================================================
Timing constraint: Default OFFSET OUT AFTER for Clock 'S_AXI_ACLK'
  Total number of paths / destination ports: 5 / 5
-------------------------------------------------------------------------
Offset:              4.380ns (Levels of Logic = 1)
  Source:            AXI_LITE_IPIF_I/I_SLAVE_ATTACHMENT/INCLUDE_DPHASE_TIMER.dpto_cnt_3 (FF)
  Destination:       S_AXI_ARREADY (PAD)
  Source Clock:      S_AXI_ACLK rising

  Data Path: AXI_LITE_IPIF_I/I_SLAVE_ATTACHMENT/INCLUDE_DPHASE_TIMER.dpto_cnt_3 to S_AXI_ARREADY
                                Gate     Net
    Cell:in->out      fanout   Delay   Delay  Logical Name (Net Name)
    ----------------------------------------  ------------
     FDR:C->Q              8   0.525   0.943  AXI_LITE_IPIF_I/I_SLAVE_ATTACHMENT/INCLUDE_DPHASE_TIMER.dpto_cnt_3 (AXI_LITE_IPIF_I/I_SLAVE_ATTACHMENT/INCLUDE_DPHASE_TIMER.dpto_cnt_3)
     OBUF:I->O                 2.912          S_AXI_ARREADY_OBUF (S_AXI_ARREADY)
    ----------------------------------------
    Total                      4.380ns (3.437ns logic, 0.943ns route)
                                       (78.5% logic, 21.5% route)

=========================================================================
Timing constraint: Default path analysis
  Total number of paths / destination ports: 3 / 3
-------------------------------------------------------------------------
Delay:               2.945ns (Levels of Logic = 2)
  Source:            reset_n_i (PAD)
  Destination:       USER_LOGIC_I/vga_top_i/vga_i/res_1.dcm25_i:RESET (PAD)

  Data Path: reset_n_i to USER_LOGIC_I/vga_top_i/vga_i/res_1.dcm25_i:RESET
                                Gate     Net
    Cell:in->out      fanout   Delay   Delay  Logical Name (Net Name)
    ----------------------------------------  ------------
     IBUF:I->O             1   1.328   0.681  reset_n_i_IBUF (reset_n_i_IBUF)
     INV:I->O              1   0.255   0.681  USER_LOGIC_I/vga_top_i/vga_i/rst_n_i_inv1_INV_0 (USER_LOGIC_I/vga_top_i/vga_i/rst_n_i_inv)
    dcm25MHz:RESET             0.000          USER_LOGIC_I/vga_top_i/vga_i/res_1.dcm25_i
    ----------------------------------------
    Total                      2.945ns (1.583ns logic, 1.362ns route)
                                       (53.8% logic, 46.2% route)

=========================================================================

Cross Clock Domains Report:
--------------------------

Clock to Setup on destination clock S_AXI_ACLK
---------------+---------+---------+---------+---------+
               | Src:Rise| Src:Fall| Src:Rise| Src:Fall|
Source Clock   |Dest:Rise|Dest:Rise|Dest:Fall|Dest:Fall|
---------------+---------+---------+---------+---------+
S_AXI_ACLK     |    3.021|         |         |         |
---------------+---------+---------+---------+---------+

Clock to Setup on destination clock USER_LOGIC_I/vga_top_i/vga_i/clk_s
----------------------------------+---------+---------+---------+---------+
                                  | Src:Rise| Src:Fall| Src:Rise| Src:Fall|
Source Clock                      |Dest:Rise|Dest:Rise|Dest:Fall|Dest:Fall|
----------------------------------+---------+---------+---------+---------+
USER_LOGIC_I/vga_top_i/vga_i/clk_s|   10.092|         |         |         |
----------------------------------+---------+---------+---------+---------+

=========================================================================


Total REAL time to Xst completion: 5.00 secs
Total CPU time to Xst completion: 4.70 secs
 
--> 

Total memory usage is 272888 kilobytes

Number of errors   :    0 (   0 filtered)
Number of warnings :   97 (   0 filtered)
Number of infos    :   10 (   0 filtered)

